// Vitest Snapshot v1, https://vitest.dev/guide/snapshot.html

exports[`Entry should match snapshot with default values 1`] = `
<React.Fragment>
  <ForwardRef(FrameComponent)
    as="button"
    boxShadow="$out"
    className="entry-button "
    onClick={[Function]}
  >
    <ForwardRef(FrameComponent)
      boxShadow="$in"
      className="entry-image-frame"
    >
      <img
        className="entry-image"
        src="/app/assets/logo_worded.jpg"
      />
    </ForwardRef(FrameComponent)>
    <label
      className="entry-label"
    >
      12-24-2025
    </label>
  </ForwardRef(FrameComponent)>
</React.Fragment>
`;
