// Vitest Snapshot v1, https://vitest.dev/guide/snapshot.html

exports[`AppWindow matches snapshot 1`] = `
<Modal
  className="app-modal"
  icon={
    <Memo(Computer)
      variant="16x16_4"
    />
  }
  menu={[]}
  title="Scrapweb"
  titleBarOptions={
    [
      <Close
        onClick={[Function]}
      />,
    ]
  }
>
  <Tabs
    defaultActiveTab="Home"
    onChange={[Function]}
  >
    <Tab
      title="Home"
    >
      <div />
    </Tab>
    <Tab
      title="Explore"
    />
  </Tabs>
</Modal>
`;
